<html>
<body>
<pre>
<h1>µVision Build Log</h1>
<h2>Tool Versions:</h2>
IDE-Version: £gVision V5.42.0.0
Copyright (C) 2025 ARM Ltd and ARM Germany GmbH. All rights reserved.
License Information: 1 barrysu88@gmail.com
1
User-based license: Keil MDK Community (non-commercial free of charge)
Valid until: Jun 1 2033. Cached until: Aug 27 2025
 
Tool Versions:
Toolchain:       Keil MDK Community (non-commercial free of charge  Version: 5.42.0.0
Toolchain Path:  C:\Users\barry\AppData\Local\Keil_v5\ARM\ARMCLANG\Bin
C Compiler:      ArmClang.exe V6.23
Assembler:       Armasm.exe V6.23
Linker/Locator:  ArmLink.exe V6.23
Library Manager: ArmAr.exe V6.23
Hex Converter:   FromElf.exe V6.23
CPU DLL:         SARMCM3.DLL V5.42.0.0
Dialog DLL:      DARMCM1.DLL V1.19.6.0
Target DLL:      UL2CM3.DLL V1.164.14.0
Dialog DLL:      TARMCM1.DLL V1.14.6.0
 
<h2>Project:</h2>
C:\Users\barry\OneDrive\Desktop\ContainerHouse\ContainerHouseSystem_Meter\Keil\ContainerHouseSystem_Meter.uvprojx
Project File Date:  08/20/2025

<h2>Output:</h2>
*** Using Compiler 'V6.23', folder: 'C:\Users\barry\AppData\Local\Keil_v5\ARM\ARMCLANG\Bin'
Rebuild target 'FW_AO2024_Cpu_MeterSystem_Meter_1261_v01'
assembling startup_NUC1261.s...
compiling system_NUC1261.c...
compiling AO_BMSModbusProcess.c...
compiling AO_MeterProcess.c...
compiling AO_ModBusProcess.c...
compiling AO_InverterModbusProcess.c...
compiling AO2022_MeterModule_1261.c...
compiling AO_WaterMeterModbusProcess.c...
compiling fmc_user.c...
compiling ota_manager.c...
compiling crc.c...
compiling AO_ReaderProcess.c...
compiling AO_EE24C.c...
compiling clk.c...
compiling AO_HostProcess.c...
compiling main.c...
compiling fmc.c...
compiling uart.c...
compiling retarget.c...
compiling wdt.c...
compiling i2c.c...
compiling sys.c...
linking...
.\obj\ContainerHouseSystem_Meter.axf: Warning: L6340W: options first and last are ignored for link type of scattered
Program Size: Code=33704 RO-data=784 RW-data=16 ZI-data=5616  
Finished: 0 information, 1 warning and 0 error messages.
After Build - User command #1: fromelf --bin ".\obj\ContainerHouseSystem_Meter.axf" --output ".\obj\ContainerHouseSystem_Meter.bin"
After Build - User command #2: fromelf --text -c ".\obj\ContainerHouseSystem_Meter.axf" --output ".\obj\ContainerHouseSystem_Meter.txt"
".\obj\ContainerHouseSystem_Meter.axf" - 0 Error(s), 1 Warning(s).

<h2>Software Packages used:</h2>

Package Vendor: Nuvoton
                https://github.com/OpenNuvoton/cmsis-packs/raw/master/Nuvoton_DFP/Nuvoton.NuMicroM0_DFP.1.0.0.pack
                Nuvoton::NuMicroM0_DFP@1.0.0
                Nuvoton ARM Cortex-M0 NuMicro Family Device Support

<h2>Collection of Component include folders:</h2>
  C:/Users/barry/AppData/Local/arm/packs/Nuvoton/NuMicroM0_DFP/1.0.0/Device/NUC1261/Include

<h2>Collection of Component Files used:</h2>
Build Time Elapsed:  00:00:01
</pre>
</body>
</html>
