<html>
<body>
<pre>
<h1>µVision Build Log</h1>
<h2>Tool Versions:</h2>
IDE-Version: £gVision V5.42.0.0
Copyright (C) 2025 ARM Ltd and ARM Germany GmbH. All rights reserved.
License Information: 1 barrysu88@gmail.com
1
User-based license: Keil MDK Community (non-commercial free of charge)
Valid until: Jun 1 2033. Cached until: Aug 19 2025
 
Tool Versions:
Toolchain:       Keil MDK Community (non-commercial free of charge  Version: 5.42.0.0
Toolchain Path:  C:\Users\barry\AppData\Local\Keil_v5\ARM\ARMCLANG\Bin
C Compiler:      ArmClang.exe V6.23
Assembler:       Armasm.exe V6.23
Linker/Locator:  ArmLink.exe V6.23
Library Manager: ArmAr.exe V6.23
Hex Converter:   FromElf.exe V6.23
CPU DLL:         SARMCM3.DLL V5.42.0.0
Dialog DLL:      DARMCM1.DLL V1.19.6.0
Target DLL:      NULink\Nu_Link.dll V3.21
Dialog DLL:      TARMCM1.DLL V1.14.6.0
 
<h2>Project:</h2>
C:\Users\barry\OneDrive\Desktop\CPU_OTA\DormOTA\DormOTAMeter\FW_AO2024_Cpu_MeterSystem_Meter_1261_v01\Keil\FW_AO2024_Cpu_MeterSystem_Meter_1261_v01.uvprojx
Project File Date:  07/28/2025

<h2>Output:</h2>
*** Using Compiler 'V6.23', folder: 'C:\Users\barry\AppData\Local\Keil_v5\ARM\ARMCLANG\Bin'
Rebuild target 'FW_AO2024_Cpu_MeterSystem_Meter_1261_v01'
assembling startup_NUC1261.s...
creating list file for system_NUC1261.c...
creating preprocessor file for system_NUC1261.c...
creating list file for main.c...
creating list file for AO_EE24C.c...
creating preprocessor file for AO_HostProcess.c...
creating preprocessor file for main.c...
creating preprocessor file for AO_MeterProcess.c...
creating preprocessor file for AO_EE24C.c...
compiling AO_EE24C.c...
compiling system_NUC1261.c...
compiling AO_HostProcess.c...
creating list file for AO_MeterProcess.c...
creating list file for AO_HostProcess.c...
compiling main.c...
compiling AO_MeterProcess.c...
creating preprocessor file for AO_ModBusProcess.c...
creating list file for AO_ModBusProcess.c...
creating preprocessor file for AO_ReaderProcess.c...
creating list file for AO_ReaderProcess.c...
compiling AO_ModBusProcess.c...
creating list file for AO2022_MeterModule_1261.c...
compiling AO_ReaderProcess.c...
creating preprocessor file for AO2022_MeterModule_1261.c...
compiling AO2022_MeterModule_1261.c...
creating preprocessor file for fmc_user.c...
creating preprocessor file for ota_manager.c...
creating list file for fmc_user.c...
compiling fmc_user.c...
creating list file for ota_manager.c...
compiling ota_manager.c...
creating list file for clk.c...
creating preprocessor file for clk.c...
creating preprocessor file for crc.c...
creating preprocessor file for fmc.c...
creating list file for fmc.c...
compiling crc.c...
creating list file for crc.c...
compiling fmc.c...
creating list file for gpio.c...
compiling clk.c...
creating preprocessor file for gpio.c...
compiling gpio.c...
creating preprocessor file for i2c.c...
creating preprocessor file for retarget.c...
creating list file for retarget.c...
creating list file for i2c.c...
compiling i2c.c...
compiling retarget.c...
creating preprocessor file for sys.c...
creating list file for sys.c...
creating preprocessor file for uart.c...
creating list file for wdt.c...
compiling sys.c...
creating list file for uart.c...
compiling uart.c...
creating preprocessor file for wdt.c...
creating preprocessor file for retarget_io.c...
creating list file for retarget_io.c...
compiling retarget_io.c...
compiling wdt.c...
linking...
.\obj\FW_AO2024_Cpu_MeterSystem_Meter_1261_v01.axf: Warning: L6340W: options first and last are ignored for link type of scattered
Program Size: Code=26840 RO-data=784 RW-data=16 ZI-data=5432  
Finished: 0 information, 1 warning and 0 error messages.
FromELF: creating hex file...
After Build - User command #1: fromelf --bin ".\obj\FW_AO2024_Cpu_MeterSystem_Meter_1261_v01.axf" --output ".\obj\FW_AO2024_Cpu_MeterSystem_Meter_1261_v01.bin"
After Build - User command #2: fromelf --text -c ".\obj\FW_AO2024_Cpu_MeterSystem_Meter_1261_v01.axf" --output ".\obj\FW_AO2024_Cpu_MeterSystem_Meter_1261_v01.txt"
".\obj\FW_AO2024_Cpu_MeterSystem_Meter_1261_v01.axf" - 0 Error(s), 1 Warning(s).

<h2>Software Packages used:</h2>

Package Vendor: ARM
                https://www.keil.com/pack/ARM.CMSIS-Compiler.2.1.0.pack
                ARM::CMSIS-Compiler@2.1.0
                CMSIS Compiler extensions for Arm Compiler, GCC, Clang, and IAR Compiler
   * Component: CORE Version: 1.1.0

Package Vendor: Nuvoton
                https://github.com/OpenNuvoton/cmsis-packs/raw/master/Nuvoton_DFP/Nuvoton.NuMicroM0_DFP.1.0.0.pack
                Nuvoton::NuMicroM0_DFP@1.0.0
                Nuvoton ARM Cortex-M0 NuMicro Family Device Support

<h2>Collection of Component include folders:</h2>
  ./RTE/_FW_AO2024_Cpu_MeterSystem_Meter_1261_v01
  C:/Users/barry/AppData/Local/arm/packs/Nuvoton/NuMicroM0_DFP/1.0.0/Device/NUC1261/Include

<h2>Collection of Component Files used:</h2>

   * Component: ARM::CMSIS-Compiler:CORE@1.1.0
      Source file:   source/armcc/retarget_io.c
Build Time Elapsed:  00:00:02
</pre>
</body>
</html>
