<html>
<body>
<pre>
<h1>µVision Build Log</h1>
<h2>Tool Versions:</h2>
IDE-Version: £gVision V5.23.0.0
Copyright (C) 2017 ARM Ltd and ARM Germany GmbH. All rights reserved.
License Information: 124 222, 3333, LIC=9WSKC-7FSRY-8TB3P-MJBWB-3ITFR-AA5X7
 
Tool Versions:
Toolchain:       MDK-ARM Plus  Version: 5.23
Toolchain Path:  C:\Keil_v5\ARM\ARMCC\Bin
C Compiler:      Armcc.exe V5.06 update 4 (build 422)
Assembler:       Armasm.exe V5.06 update 4 (build 422)
Linker/Locator:  ArmLink.exe V5.06 update 4 (build 422)
Library Manager: ArmAr.exe V5.06 update 4 (build 422)
Hex Converter:   FromElf.exe V5.06 update 4 (build 422)
CPU DLL:         SARMCM3.DLL V5.23
Dialog DLL:      DARMCM1.DLL V1.17.0.0
Target DLL:      Nu_Link.dll V3.08
Dialog DLL:      TARMCM1.DLL V1.12.0.0
 
<h2>Project:</h2>
D:\_2022_Project\AO2022_NDHU_Dorm\FW_AO2022_Meter1261_v20\FW_Ao2022_Meter_v20\Keil\Fw_Ao2022_Meter_v20.uvproj
Project File Date:  12/16/2022

<h2>Output:</h2>
*** Using Compiler 'V5.06 update 4 (build 422)', folder: 'C:\Keil_v5\ARM\ARMCC\Bin'
Rebuild target 'Fw_Ao2022_Meter_v20'
creating preprocessor file for system_NUC126.c...
assembling startup_NUC126.s...
creating preprocessor file for main.c...
creating preprocessor file for AO_EE24C.c...
compiling system_NUC126.c...
creating preprocessor file for AO_HostProcess.c...
creating preprocessor file for AO_MeterProcess.c...
creating preprocessor file for AO_ModBusProcess.c...
compiling AO_EE24C.c...
compiling main.c...
creating preprocessor file for AO_ReaderProcess.c...
creating preprocessor file for AO2022_MeterModule_1261.c...
compiling AO_MeterProcess.c...
compiling AO_HostProcess.c...
creating preprocessor file for retarget.c...
compiling AO_ModBusProcess.c...
creating preprocessor file for uart.c...
compiling AO_ReaderProcess.c...
compiling AO2022_MeterModule_1261.c...
creating preprocessor file for sys.c...
compiling retarget.c...
creating preprocessor file for clk.c...
compiling uart.c...
creating preprocessor file for gpio.c...
compiling sys.c...
creating preprocessor file for i2c.c...
creating preprocessor file for wdt.c...
compiling clk.c...
compiling gpio.c...
compiling i2c.c...
compiling wdt.c...
linking...
Program Size: Code=16868 RO-data=880 RW-data=212 ZI-data=2892  
After Build - User command #1: fromelf --bin ".\obj\Fw_Ao2022_Meter_v20.axf" --output ".\obj\Fw_Ao2022_Meter_v20.bin"
After Build - User command #2: fromelf --text -c ".\obj\Fw_Ao2022_Meter_v20.axf" --output ".\obj\Fw_Ao2022_Meter_v20.txt"
".\obj\Fw_Ao2022_Meter_v20.axf" - 0 Error(s), 0 Warning(s).
Build Time Elapsed:  00:00:04
</pre>
</body>
</html>
