<html>
<body>
<pre>
<h1>µVision Build Log</h1>
<h2>Tool Versions:</h2>
IDE-Version: £gVision V5.23.0.0
Copyright (C) 2017 ARM Ltd and ARM Germany GmbH. All rights reserved.
License Information: 124 222, 3333, LIC=9WSKC-7FSRY-8TB3P-MJBWB-3ITFR-AA5X7
 
Tool Versions:
Toolchain:       MDK-ARM Plus  Version: 5.23
Toolchain Path:  C:\Keil_v5\ARM\ARMCC\Bin
C Compiler:      Armcc.exe V5.06 update 4 (build 422)
Assembler:       Armasm.exe V5.06 update 4 (build 422)
Linker/Locator:  ArmLink.exe V5.06 update 4 (build 422)
Library Manager: ArmAr.exe V5.06 update 4 (build 422)
Hex Converter:   FromElf.exe V5.06 update 4 (build 422)
CPU DLL:         SARMCM3.DLL V5.23
Dialog DLL:      DARMCM1.DLL V1.17.0.0
Target DLL:      Nu_Link.dll V3.08
Dialog DLL:      TARMCM1.DLL V1.12.0.0
 
<h2>Project:</h2>
D:\_2022_Project\FW_AO2022_Meter1261_v01\NUC126_Series_BSP_CMSIS_V3.00.005\SampleCode\FW_Ao2020_Meter_v01\Keil\Fw_Ao2022_Meter_v01.uvproj
Project File Date:  05/16/2022

<h2>Output:</h2>
*** Using Compiler 'V5.06 update 4 (build 422)', folder: 'C:\Keil_v5\ARM\ARMCC\Bin'
Rebuild target 'Fw_Ao2022_Meter_v01'
creating preprocessor file for system_NUC126.c...
assembling startup_NUC126.s...
creating preprocessor file for main.c...
creating preprocessor file for retarget.c...
compiling system_NUC126.c...
creating preprocessor file for uart.c...
compiling main.c...
creating preprocessor file for sys.c...
compiling retarget.c...
creating preprocessor file for clk.c...
compiling uart.c...
creating preprocessor file for gpio.c...
compiling sys.c...
creating preprocessor file for i2c.c...
compiling clk.c...
creating preprocessor file for wdt.c...
compiling gpio.c...
compiling i2c.c...
compiling wdt.c...
linking...
Program Size: Code=3500 RO-data=352 RW-data=36 ZI-data=1028  
After Build - User command #1: fromelf --bin ".\obj\template.axf" --output ".\obj\template.bin"
After Build - User command #2: fromelf --text -c ".\obj\template.axf" --output ".\obj\template.txt"
".\obj\template.axf" - 0 Error(s), 0 Warning(s).
Build Time Elapsed:  00:00:03
</pre>
</body>
</html>
